 WARN  Issue while reading "/Users/mattriley/Documents/projects/personal/snurble/.npmrc". Failed to replace env in config: ${NODE_AUTH_TOKEN}
 WARN  Issue while reading "/Users/mattriley/Documents/projects/personal/snurble/.npmrc". Failed to replace env in config: ${NODE_AUTH_TOKEN}

> @matt-riley/snurble@ test /Users/mattriley/Documents/projects/personal/snurble
> pnpm exec vitest run

 WARN  Issue while reading "/Users/mattriley/Documents/projects/personal/snurble/.npmrc". Failed to replace env in config: ${NODE_AUTH_TOKEN}
 WARN  Issue while reading "/Users/mattriley/Documents/projects/personal/snurble/.npmrc". Failed to replace env in config: ${NODE_AUTH_TOKEN}

 RUN  v4.1.5 /Users/mattriley/Documents/projects/personal/snurble

 ✓ packages/tokens/src/index.test.ts (4 tests) 8ms
 ✓ apps/docs/src/component-docs-coverage.test.ts (2 tests) 5ms
 ❯ packages/ui-astro/src/llm-surface.test.ts (4 tests | 1 failed) 6ms
     ✓ models a consumer-owned llm page manifest boundary 1ms
     ✓ builds alternate markdown link attributes for Astro head output 0ms
     × implements a visually hidden hint primitive for conversational agent discovery 2ms
     ✓ exports and documents the llm public surface for package consumers 1ms
(node:61675) PromiseRejectionHandledWarning: Promise rejection was handled asynchronously (rejection id: 38)
(Use `node --trace-warnings ...` to show where the warning was created)
(node:61675) PromiseRejectionHandledWarning: Promise rejection was handled asynchronously (rejection id: 42)
(node:61675) PromiseRejectionHandledWarning: Promise rejection was handled asynchronously (rejection id: 46)
(node:61675) PromiseRejectionHandledWarning: Promise rejection was handled asynchronously (rejection id: 75)
(node:61675) PromiseRejectionHandledWarning: Promise rejection was handled asynchronously (rejection id: 79)
 ❯ packages/ui-astro/src/index.test.ts (42 tests | 29 failed) 24ms
     ✓ exposes the durable foundation primitives through the package entrypoint 2ms
     ✓ keeps both package manifests packable for external consumers 1ms
     × implements a minimal shared layout shell with package-owned token import 3ms
     × keeps action primitives on readable semantic action tokens 1ms
     × does not reference the old undefined base color token 0ms
     × wires Tooltip to aria-describedby triggers and positions it beside the trigger 0ms
     × keeps Badge readable across themes and documents every variant 1ms
     × implements a neutral PageShell container for width and padding only 0ms
     × implements a semantic Hero intro block with optional lede and trailing slot content 0ms
     × implements a named Section wrapper with mutually exclusive heading modes 1ms
     × implements a visual Panel wrapper with surface treatment and default slot content only 0ms
     × implements a flexible Stack wrapper for repeated vertical spacing 0ms
     × implements a narrow DataTable wrapper with explicit accessible naming and slot-based rows 0ms
     × supports stacked mobile rows through consumer-supplied data labels 0ms
     × implements a narrow MetaList wrapper with semantic dl markup and consumer-owned dt/dd pairs 0ms
     × implements a narrow CodeSnippet primitive with explicit variant semantics and non-empty code validation 0ms
     ✓ adds the minimal Astro typing support for package exports 1ms
     ✓ documents the component-first reference surface on the docs homepage 1ms
     × refreshes StatCard with layered surfaces and stable metadata layout 0ms
     ✓ adds a migration cookbook page for durable consumer adoption guidance 1ms
     ✓ documents trusted URL and accessibility boundaries in the component docs catalog 0ms
     ✓ documents Accordion's enforced single-open guidance in the component docs catalog 0ms
     ✓ shows Popover variation controls in docs and expanded reference example 1ms
     ✓ renders a live CodeSnippet demo and assigns explicit languages to docs snippets 1ms
     ✓ exports the accepted foundation primitives through the package entrypoint 0ms
     × implements a reusable FontAssets component for font-face declarations 0ms
     × implements a reusable JsonLd component for structured data injection 1ms
     × implements a reusable SkipLink component for keyboard navigation 0ms
     × implements ProfileHero for avatar-based profile headers with name and subtitle 0ms
     × implements SocialLinks for icon-based social profile navigation 0ms
     × implements DecoratedHeading for SVG text effects 0ms
     ✓ exports ProjectCard and ProjectGrid primitives through the package entrypoint 0ms
     × implements a ProjectCard display primitive derived from workv2 RepoCard 0ms
     × implements a ProjectGrid wrapper for laying out ProjectCard components 0ms
     ✓ demonstrates ProjectCard edge cases and security in docs 0ms
     × implements ExperienceCard for displaying job/experience entries with logo, title, company, description, and skills 0ms
     × implements ExperienceList for wrapping multiple experience cards with semantic list markup 0ms
     × implements SkillIcon as a named built-in icon renderer 0ms
     × implements SkillIconList for wrapping skill icons with semantic list markup 0ms
     ✓ exports experience primitives through the package entrypoint 0ms
     × implements SeoMeta for Open Graph and Twitter Card metadata injection 0ms
     × implements ServiceWorker for Progressive Web App service worker registration 1ms
 ❯ packages/ui-astro/src/release-readiness.test.ts (10 tests | 2 failed) 518ms
     ✓ packs the design tokens package without test files and with a package readme 262ms
     ✓ packs the ui-astro package without test files and with a package readme 250ms
     ✓ keeps ui-astro compatible with prerelease design token versions 1ms
     ✓ keeps the ui-astro package readme aligned with the shipped public surface 0ms
     × keeps Accordion and Tabs compatible with Astro build-time slot rules 2ms
     × keeps Accordion's single-open behavior scoped to each component instance 0ms
     ✓ adds GitHub Packages registry metadata without tightening ui-astro's token range 0ms
     ✓ adds a release-please workflow for independent package releases 1ms
     ✓ adds a manual tag publish workflow for release backfills 1ms
     ✓ adds a release-readiness guide with versioning, auth, rollback, and adoption gates 0ms
 ✓ apps/docs/src/llm-endpoints.test.ts (2 tests) 5980ms
     ✓ builds markdown twins and discovery indexes for every docs page  3166ms
     ✓ wires page html discovery to markdown alternates and hidden llm hints  2814ms

⎯⎯⎯⎯⎯⎯ Failed Tests 32 ⎯⎯⎯⎯⎯⎯⎯

 FAIL  packages/ui-astro/src/index.test.ts > ui-astro package > implements a minimal shared layout shell with package-owned token import
Error: ENOENT: no such file or directory, open '/Users/mattriley/Documents/projects/personal/snurble/packages/ui-astro/src/Layout.astro'
 ❯ packages/ui-astro/src/index.test.ts:142:25
    140|
    141|   it("implements a minimal shared layout shell with package-owned toke…
    142|     const layoutAstro = await readRepoFile(
       |                         ^
    143|       "packages/ui-astro/src/Layout.astro"
    144|     );

⎯⎯⎯⎯⎯⎯⎯⎯⎯⎯⎯⎯⎯⎯⎯⎯⎯⎯⎯⎯⎯⎯⎯[1/32]⎯

 FAIL  packages/ui-astro/src/index.test.ts > ui-astro package > keeps action primitives on readable semantic action tokens
Error: ENOENT: no such file or directory, open '/Users/mattriley/Documents/projects/personal/snurble/packages/ui-astro/src/Button.astro'
 ❯ packages/ui-astro/src/index.test.ts:170:31
    168|
    169|     for (const primitivePath of actionPrimitivePaths) {
    170|       const primitiveSource = await readRepoFile(primitivePath);
       |                               ^
    171|
    172|       expect(primitiveSource).toContain("var(--snurble-action-primary)…

⎯⎯⎯⎯⎯⎯⎯⎯⎯⎯⎯⎯⎯⎯⎯⎯⎯⎯⎯⎯⎯⎯⎯[2/32]⎯

 FAIL  packages/ui-astro/src/index.test.ts > ui-astro package > does not reference the old undefined base color token
Error: ENOENT: no such file or directory, open '/Users/mattriley/Documents/projects/personal/snurble/packages/ui-astro/src/Badge.astro'
 ❯ packages/ui-astro/src/index.test.ts:211:35
    209|
    210|     for (const tokenConsumerPath of tokenConsumerPaths) {
    211|       const tokenConsumerSource = await readRepoFile(tokenConsumerPath…
       |                                   ^
    212|
    213|       expect(tokenConsumerSource).not.toContain("var(--snurble-base)");

⎯⎯⎯⎯⎯⎯⎯⎯⎯⎯⎯⎯⎯⎯⎯⎯⎯⎯⎯⎯⎯⎯⎯[3/32]⎯

 FAIL  packages/ui-astro/src/index.test.ts > ui-astro package > wires Tooltip to aria-describedby triggers and positions it beside the trigger
Error: ENOENT: no such file or directory, open '/Users/mattriley/Documents/projects/personal/snurble/packages/ui-astro/src/Tooltip.astro'
 ❯ packages/ui-astro/src/index.test.ts:218:26
    216|
    217|   it("wires Tooltip to aria-describedby triggers and positions it besi…
    218|     const tooltipAstro = await readRepoFile(
       |                          ^
    219|       "packages/ui-astro/src/Tooltip.astro"
    220|     );

⎯⎯⎯⎯⎯⎯⎯⎯⎯⎯⎯⎯⎯⎯⎯⎯⎯⎯⎯⎯⎯⎯⎯[4/32]⎯

 FAIL  packages/ui-astro/src/index.test.ts > ui-astro package > keeps Badge readable across themes and documents every variant
Error: ENOENT: no such file or directory, open '/Users/mattriley/Documents/projects/personal/snurble/packages/ui-astro/src/Badge.astro'
 ❯ packages/ui-astro/src/index.test.ts:233:24
    231|
    232|   it("keeps Badge readable across themes and documents every variant",…
    233|     const badgeAstro = await readRepoFile("packages/ui-astro/src/Badge…
       |                        ^
    234|     const semanticCss = await readRepoFile("packages/tokens/src/semant…
    235|     const registry = await readRepoFile(

⎯⎯⎯⎯⎯⎯⎯⎯⎯⎯⎯⎯⎯⎯⎯⎯⎯⎯⎯⎯⎯⎯⎯[5/32]⎯

 FAIL  packages/ui-astro/src/index.test.ts > ui-astro package > implements a neutral PageShell container for width and padding only
Error: ENOENT: no such file or directory, open '/Users/mattriley/Documents/projects/personal/snurble/packages/ui-astro/src/PageShell.astro'
 ❯ packages/ui-astro/src/index.test.ts:268:28
    266|
    267|   it("implements a neutral PageShell container for width and padding o…
    268|     const pageShellAstro = await readRepoFile(
       |                            ^
    269|       "packages/ui-astro/src/PageShell.astro"
    270|     );

⎯⎯⎯⎯⎯⎯⎯⎯⎯⎯⎯⎯⎯⎯⎯⎯⎯⎯⎯⎯⎯⎯⎯[6/32]⎯

 FAIL  packages/ui-astro/src/index.test.ts > ui-astro package > implements a semantic Hero intro block with optional lede and trailing slot content
Error: ENOENT: no such file or directory, open '/Users/mattriley/Documents/projects/personal/snurble/packages/ui-astro/src/Hero.astro'
 ❯ packages/ui-astro/src/index.test.ts:293:23
    291|
    292|   it("implements a semantic Hero intro block with optional lede and tr…
    293|     const heroAstro = await readRepoFile("packages/ui-astro/src/Hero.a…
       |                       ^
    294|
    295|     expect(heroAstro).toContain("title: string;");

⎯⎯⎯⎯⎯⎯⎯⎯⎯⎯⎯⎯⎯⎯⎯⎯⎯⎯⎯⎯⎯⎯⎯[7/32]⎯

 FAIL  packages/ui-astro/src/index.test.ts > ui-astro package > implements a named Section wrapper with mutually exclusive heading modes
AssertionError: promise rejected "Error: ENOENT: no such file or directory,… { …(4) }" instead of resolving
 ❯ packages/ui-astro/src/index.test.ts:327:31
    325|     const sectionAstro = readRepoFile("packages/ui-astro/src/Section.a…
    326|
    327|     await expect(sectionAstro).resolves.toContain("interface TitledPro…
       |                               ^
    328|     await expect(sectionAstro).resolves.toContain("headingId: string;"…
    329|     await expect(sectionAstro).resolves.toContain("labelledBy?: never;…

Caused by: Error: ENOENT: no such file or directory, open '/Users/mattriley/Documents/projects/personal/snurble/packages/ui-astro/src/Section.astro'
 ❯ packages/ui-astro/src/index.test.ts:327:5

⎯⎯⎯⎯⎯⎯⎯⎯⎯⎯⎯⎯⎯⎯⎯⎯⎯⎯⎯⎯⎯⎯⎯⎯⎯⎯⎯⎯⎯⎯
Serialized Error: { errno: -2, code: 'ENOENT', syscall: 'open', path: '/Users/mattriley/Documents/projects/personal/snurble/packages/ui-astro/src/Section.astro' }
⎯⎯⎯⎯⎯⎯⎯⎯⎯⎯⎯⎯⎯⎯⎯⎯⎯⎯⎯⎯⎯⎯⎯[8/32]⎯

 FAIL  packages/ui-astro/src/index.test.ts > ui-astro package > implements a visual Panel wrapper with surface treatment and default slot content only
AssertionError: promise rejected "Error: ENOENT: no such file or directory,… { …(4) }" instead of resolving
 ❯ packages/ui-astro/src/index.test.ts:358:29
    356|     const panelAstro = readRepoFile("packages/ui-astro/src/Panel.astro…
    357|
    358|     await expect(panelAstro).resolves.toContain("interface Props {");
       |                             ^
    359|     await expect(panelAstro).resolves.toContain(
    360|       'variant?: "flat" | "bordered" | "elevated";'

Caused by: Error: ENOENT: no such file or directory, open '/Users/mattriley/Documents/projects/personal/snurble/packages/ui-astro/src/Panel.astro'
 ❯ packages/ui-astro/src/index.test.ts:358:5

⎯⎯⎯⎯⎯⎯⎯⎯⎯⎯⎯⎯⎯⎯⎯⎯⎯⎯⎯⎯⎯⎯⎯⎯⎯⎯⎯⎯⎯⎯
Serialized Error: { errno: -2, code: 'ENOENT', syscall: 'open', path: '/Users/mattriley/Documents/projects/personal/snurble/packages/ui-astro/src/Panel.astro' }
⎯⎯⎯⎯⎯⎯⎯⎯⎯⎯⎯⎯⎯⎯⎯⎯⎯⎯⎯⎯⎯⎯⎯[9/32]⎯

 FAIL  packages/ui-astro/src/index.test.ts > ui-astro package > implements a flexible Stack wrapper for repeated vertical spacing
AssertionError: promise rejected "Error: ENOENT: no such file or directory,… { …(4) }" instead of resolving
 ❯ packages/ui-astro/src/index.test.ts:388:29
    386|     const stackAstro = readRepoFile("packages/ui-astro/src/Stack.astro…
    387|
    388|     await expect(stackAstro).resolves.toContain("interface Props {");
       |                             ^
    389|     await expect(stackAstro).resolves.toContain(
    390|       "space?: 1 | 2 | 3 | 4 | 5 | 6 | 7 | 8;"

Caused by: Error: ENOENT: no such file or directory, open '/Users/mattriley/Documents/projects/personal/snurble/packages/ui-astro/src/Stack.astro'
 ❯ packages/ui-astro/src/index.test.ts:388:5

⎯⎯⎯⎯⎯⎯⎯⎯⎯⎯⎯⎯⎯⎯⎯⎯⎯⎯⎯⎯⎯⎯⎯⎯⎯⎯⎯⎯⎯⎯
Serialized Error: { errno: -2, code: 'ENOENT', syscall: 'open', path: '/Users/mattriley/Documents/projects/personal/snurble/packages/ui-astro/src/Stack.astro' }
⎯⎯⎯⎯⎯⎯⎯⎯⎯⎯⎯⎯⎯⎯⎯⎯⎯⎯⎯⎯⎯⎯[10/32]⎯

 FAIL  packages/ui-astro/src/index.test.ts > ui-astro package > implements a narrow DataTable wrapper with explicit accessible naming and slot-based rows
AssertionError: promise rejected "Error: ENOENT: no such file or directory,… { …(4) }" instead of resolving
 ❯ packages/ui-astro/src/index.test.ts:412:33
    410|     );
    411|
    412|     await expect(dataTableAstro).resolves.toContain(
       |                                 ^
    413|       "interface LabelledByProps {"
    414|     );

Caused by: Error: ENOENT: no such file or directory, open '/Users/mattriley/Documents/projects/personal/snurble/packages/ui-astro/src/DataTable.astro'
 ❯ packages/ui-astro/src/index.test.ts:412:5

⎯⎯⎯⎯⎯⎯⎯⎯⎯⎯⎯⎯⎯⎯⎯⎯⎯⎯⎯⎯⎯⎯⎯⎯⎯⎯⎯⎯⎯⎯
Serialized Error: { errno: -2, code: 'ENOENT', syscall: 'open', path: '/Users/mattriley/Documents/projects/personal/snurble/packages/ui-astro/src/DataTable.astro' }
⎯⎯⎯⎯⎯⎯⎯⎯⎯⎯⎯⎯⎯⎯⎯⎯⎯⎯⎯⎯⎯⎯[11/32]⎯

 FAIL  packages/ui-astro/src/index.test.ts > ui-astro package > supports stacked mobile rows through consumer-supplied data labels
Error: ENOENT: no such file or directory, open '/Users/mattriley/Documents/projects/personal/snurble/packages/ui-astro/src/DataTable.astro'
 ❯ packages/ui-astro/src/index.test.ts:455:28
    453|
    454|   it("supports stacked mobile rows through consumer-supplied data labe…
    455|     const dataTableAstro = await readRepoFile(
       |                            ^
    456|       "packages/ui-astro/src/DataTable.astro"
    457|     );

⎯⎯⎯⎯⎯⎯⎯⎯⎯⎯⎯⎯⎯⎯⎯⎯⎯⎯⎯⎯⎯⎯[12/32]⎯

 FAIL  packages/ui-astro/src/index.test.ts > ui-astro package > implements a narrow MetaList wrapper with semantic dl markup and consumer-owned dt/dd pairs
AssertionError: promise rejected "Error: ENOENT: no such file or directory,… { …(4) }" instead of resolving
 ❯ packages/ui-astro/src/index.test.ts:473:32
    471|     const metaListAstro = readRepoFile("packages/ui-astro/src/MetaList…
    472|
    473|     await expect(metaListAstro).resolves.toContain(
       |                                ^
    474|       '<dl class="snurble-meta-list">'
    475|     );

Caused by: Error: ENOENT: no such file or directory, open '/Users/mattriley/Documents/projects/personal/snurble/packages/ui-astro/src/MetaList.astro'
 ❯ packages/ui-astro/src/index.test.ts:473:5

⎯⎯⎯⎯⎯⎯⎯⎯⎯⎯⎯⎯⎯⎯⎯⎯⎯⎯⎯⎯⎯⎯⎯⎯⎯⎯⎯⎯⎯⎯
Serialized Error: { errno: -2, code: 'ENOENT', syscall: 'open', path: '/Users/mattriley/Documents/projects/personal/snurble/packages/ui-astro/src/MetaList.astro' }
⎯⎯⎯⎯⎯⎯⎯⎯⎯⎯⎯⎯⎯⎯⎯⎯⎯⎯⎯⎯⎯⎯[13/32]⎯

 FAIL  packages/ui-astro/src/index.test.ts > ui-astro package > implements a narrow CodeSnippet primitive with explicit variant semantics and non-empty code validation
AssertionError: promise rejected "Error: ENOENT: no such file or directory,… { …(4) }" instead of resolving
 ❯ packages/ui-astro/src/index.test.ts:499:35
    497|     );
    498|
    499|     await expect(codeSnippetAstro).resolves.toContain(
       |                                   ^
    500|       'variant: "inline" | "block";'
    501|     );

Caused by: Error: ENOENT: no such file or directory, open '/Users/mattriley/Documents/projects/personal/snurble/packages/ui-astro/src/CodeSnippet.astro'
 ❯ packages/ui-astro/src/index.test.ts:499:5

⎯⎯⎯⎯⎯⎯⎯⎯⎯⎯⎯⎯⎯⎯⎯⎯⎯⎯⎯⎯⎯⎯⎯⎯⎯⎯⎯⎯⎯⎯
Serialized Error: { errno: -2, code: 'ENOENT', syscall: 'open', path: '/Users/mattriley/Documents/projects/personal/snurble/packages/ui-astro/src/CodeSnippet.astro' }
⎯⎯⎯⎯⎯⎯⎯⎯⎯⎯⎯⎯⎯⎯⎯⎯⎯⎯⎯⎯⎯⎯[14/32]⎯

 FAIL  packages/ui-astro/src/index.test.ts > ui-astro package > refreshes StatCard with layered surfaces and stable metadata layout
Error: ENOENT: no such file or directory, open '/Users/mattriley/Documents/projects/personal/snurble/packages/ui-astro/src/StatCard.astro'
 ❯ packages/ui-astro/src/index.test.ts:603:27
    601|
    602|   it("refreshes StatCard with layered surfaces and stable metadata lay…
    603|     const statCardAstro = await readRepoFile(
       |                           ^
    604|       "packages/ui-astro/src/StatCard.astro"
    605|     );

⎯⎯⎯⎯⎯⎯⎯⎯⎯⎯⎯⎯⎯⎯⎯⎯⎯⎯⎯⎯⎯⎯[15/32]⎯

 FAIL  packages/ui-astro/src/index.test.ts > ui-astro package > implements a reusable FontAssets component for font-face declarations
AssertionError: promise rejected "Error: ENOENT: no such file or directory,… { …(4) }" instead of resolving
 ❯ packages/ui-astro/src/index.test.ts:785:34
    783|     const indexTs = await readRepoFile("packages/ui-astro/src/index.ts…
    784|
    785|     await expect(fontAssetsAstro).resolves.toContain("@font-face");
       |                                  ^
    786|     await expect(fontAssetsAstro).resolves.toContain("font-family:");
    787|     await expect(fontAssetsAstro).resolves.toContain("font-display: sw…

Caused by: Error: ENOENT: no such file or directory, open '/Users/mattriley/Documents/projects/personal/snurble/packages/ui-astro/src/FontAssets.astro'
⎯⎯⎯⎯⎯⎯⎯⎯⎯⎯⎯⎯⎯⎯⎯⎯⎯⎯⎯⎯⎯⎯⎯⎯⎯⎯⎯⎯⎯⎯
Serialized Error: { errno: -2, code: 'ENOENT', syscall: 'open', path: '/Users/mattriley/Documents/projects/personal/snurble/packages/ui-astro/src/FontAssets.astro' }
⎯⎯⎯⎯⎯⎯⎯⎯⎯⎯⎯⎯⎯⎯⎯⎯⎯⎯⎯⎯⎯⎯[16/32]⎯

 FAIL  packages/ui-astro/src/index.test.ts > ui-astro package > implements a reusable JsonLd component for structured data injection
AssertionError: promise rejected "Error: ENOENT: no such file or directory,… { …(4) }" instead of resolving
 ❯ packages/ui-astro/src/index.test.ts:800:30
    798|     const indexTs = await readRepoFile("packages/ui-astro/src/index.ts…
    799|
    800|     await expect(jsonLdAstro).resolves.toContain('type="application/ld…
       |                              ^
    801|     await expect(jsonLdAstro).resolves.toContain("JSON.stringify");
    802|     await expect(jsonLdAstro).resolves.toContain("jsonld");

Caused by: Error: ENOENT: no such file or directory, open '/Users/mattriley/Documents/projects/personal/snurble/packages/ui-astro/src/JsonLd.astro'
⎯⎯⎯⎯⎯⎯⎯⎯⎯⎯⎯⎯⎯⎯⎯⎯⎯⎯⎯⎯⎯⎯⎯⎯⎯⎯⎯⎯⎯⎯
Serialized Error: { errno: -2, code: 'ENOENT', syscall: 'open', path: '/Users/mattriley/Documents/projects/personal/snurble/packages/ui-astro/src/JsonLd.astro' }
⎯⎯⎯⎯⎯⎯⎯⎯⎯⎯⎯⎯⎯⎯⎯⎯⎯⎯⎯⎯⎯⎯[17/32]⎯

 FAIL  packages/ui-astro/src/index.test.ts > ui-astro package > implements a reusable SkipLink component for keyboard navigation
AssertionError: promise rejected "Error: ENOENT: no such file or directory,… { …(4) }" instead of resolving
 ❯ packages/ui-astro/src/index.test.ts:822:32
    820|     const indexTs = await readRepoFile("packages/ui-astro/src/index.ts…
    821|
    822|     await expect(skipLinkAstro).resolves.toContain("skip-link");
       |                                ^
    823|     await expect(skipLinkAstro).resolves.toContain("href:");
    824|     await expect(skipLinkAstro).resolves.toContain("<a");

Caused by: Error: ENOENT: no such file or directory, open '/Users/mattriley/Documents/projects/personal/snurble/packages/ui-astro/src/SkipLink.astro'
⎯⎯⎯⎯⎯⎯⎯⎯⎯⎯⎯⎯⎯⎯⎯⎯⎯⎯⎯⎯⎯⎯⎯⎯⎯⎯⎯⎯⎯⎯
Serialized Error: { errno: -2, code: 'ENOENT', syscall: 'open', path: '/Users/mattriley/Documents/projects/personal/snurble/packages/ui-astro/src/SkipLink.astro' }
⎯⎯⎯⎯⎯⎯⎯⎯⎯⎯⎯⎯⎯⎯⎯⎯⎯⎯⎯⎯⎯⎯[18/32]⎯

 FAIL  packages/ui-astro/src/index.test.ts > ui-astro package > implements ProfileHero for avatar-based profile headers with name and subtitle
AssertionError: promise rejected "Error: ENOENT: no such file or directory,… { …(4) }" instead of resolving
 ❯ packages/ui-astro/src/index.test.ts:843:35
    841|     );
    842|
    843|     await expect(profileHeroAstro).resolves.toContain("name: string;");
       |                                   ^
    844|     await expect(profileHeroAstro).resolves.toContain("subtitle: strin…
    845|     await expect(profileHeroAstro).resolves.toContain("avatarSrc: stri…

Caused by: Error: ENOENT: no such file or directory, open '/Users/mattriley/Documents/projects/personal/snurble/packages/ui-astro/src/ProfileHero.astro'
 ❯ packages/ui-astro/src/index.test.ts:843:5

⎯⎯⎯⎯⎯⎯⎯⎯⎯⎯⎯⎯⎯⎯⎯⎯⎯⎯⎯⎯⎯⎯⎯⎯⎯⎯⎯⎯⎯⎯
Serialized Error: { errno: -2, code: 'ENOENT', syscall: 'open', path: '/Users/mattriley/Documents/projects/personal/snurble/packages/ui-astro/src/ProfileHero.astro' }
⎯⎯⎯⎯⎯⎯⎯⎯⎯⎯⎯⎯⎯⎯⎯⎯⎯⎯⎯⎯⎯⎯[19/32]⎯

 FAIL  packages/ui-astro/src/index.test.ts > ui-astro package > implements SocialLinks for icon-based social profile navigation
AssertionError: promise rejected "Error: ENOENT: no such file or directory,… { …(4) }" instead of resolving
 ❯ packages/ui-astro/src/index.test.ts:870:35
    868|     );
    869|
    870|     await expect(socialLinksAstro).resolves.toContain(
       |                                   ^
    871|       "links: { href: string; icon: string; label: string }[];"
    872|     );

Caused by: Error: ENOENT: no such file or directory, open '/Users/mattriley/Documents/projects/personal/snurble/packages/ui-astro/src/SocialLinks.astro'
 ❯ packages/ui-astro/src/index.test.ts:870:5

⎯⎯⎯⎯⎯⎯⎯⎯⎯⎯⎯⎯⎯⎯⎯⎯⎯⎯⎯⎯⎯⎯⎯⎯⎯⎯⎯⎯⎯⎯
Serialized Error: { errno: -2, code: 'ENOENT', syscall: 'open', path: '/Users/mattriley/Documents/projects/personal/snurble/packages/ui-astro/src/SocialLinks.astro' }
⎯⎯⎯⎯⎯⎯⎯⎯⎯⎯⎯⎯⎯⎯⎯⎯⎯⎯⎯⎯⎯⎯[20/32]⎯

 FAIL  packages/ui-astro/src/index.test.ts > ui-astro package > implements DecoratedHeading for SVG text effects
AssertionError: promise rejected "Error: ENOENT: no such file or directory,… { …(4) }" instead of resolving
 ❯ packages/ui-astro/src/index.test.ts:919:40
    917|     );
    918|
    919|     await expect(decoratedHeadingAstro).resolves.toContain("text: stri…
       |                                        ^
    920|     await expect(decoratedHeadingAstro).resolves.toContain("<svg");
    921|     await expect(decoratedHeadingAstro).resolves.toContain("<text");

Caused by: Error: ENOENT: no such file or directory, open '/Users/mattriley/Documents/projects/personal/snurble/packages/ui-astro/src/DecoratedHeading.astro'
 ❯ packages/ui-astro/src/index.test.ts:919:5

⎯⎯⎯⎯⎯⎯⎯⎯⎯⎯⎯⎯⎯⎯⎯⎯⎯⎯⎯⎯⎯⎯⎯⎯⎯⎯⎯⎯⎯⎯
Serialized Error: { errno: -2, code: 'ENOENT', syscall: 'open', path: '/Users/mattriley/Documents/projects/personal/snurble/packages/ui-astro/src/DecoratedHeading.astro' }
⎯⎯⎯⎯⎯⎯⎯⎯⎯⎯⎯⎯⎯⎯⎯⎯⎯⎯⎯⎯⎯⎯[21/32]⎯

 FAIL  packages/ui-astro/src/index.test.ts > ui-astro package > implements a ProjectCard display primitive derived from workv2 RepoCard
Error: ENOENT: no such file or directory, open '/Users/mattriley/Documents/projects/personal/snurble/packages/ui-astro/src/ProjectCard.astro'
 ❯ packages/ui-astro/src/index.test.ts:950:30
    948|
    949|   it("implements a ProjectCard display primitive derived from workv2 R…
    950|     const projectCardAstro = await readRepoFile(
       |                              ^
    951|       "packages/ui-astro/src/ProjectCard.astro"
    952|     );

⎯⎯⎯⎯⎯⎯⎯⎯⎯⎯⎯⎯⎯⎯⎯⎯⎯⎯⎯⎯⎯⎯[22/32]⎯

 FAIL  packages/ui-astro/src/index.test.ts > ui-astro package > implements a ProjectGrid wrapper for laying out ProjectCard components
Error: ENOENT: no such file or directory, open '/Users/mattriley/Documents/projects/personal/snurble/packages/ui-astro/src/ProjectGrid.astro'
 ❯ packages/ui-astro/src/index.test.ts:998:30
    996|
    997|   it("implements a ProjectGrid wrapper for laying out ProjectCard comp…
    998|     const projectGridAstro = await readRepoFile(
       |                              ^
    999|       "packages/ui-astro/src/ProjectGrid.astro"
    1000|     );

⎯⎯⎯⎯⎯⎯⎯⎯⎯⎯⎯⎯⎯⎯⎯⎯⎯⎯⎯⎯⎯⎯[23/32]⎯

 FAIL  packages/ui-astro/src/index.test.ts > ui-astro package > implements ExperienceCard for displaying job/experience entries with logo, title, company, description, and skills
AssertionError: promise rejected "Error: ENOENT: no such file or directory,… { …(4) }" instead of resolving
 ❯ packages/ui-astro/src/index.test.ts:1035:38
    1033|     );
    1034|
    1035|     await expect(experienceCardAstro).resolves.toContain("logo: string…
       |                                      ^
    1036|     await expect(experienceCardAstro).resolves.toContain("logoAlt?: st…
    1037|     await expect(experienceCardAstro).resolves.toContain("title: strin…

Caused by: Error: ENOENT: no such file or directory, open '/Users/mattriley/Documents/projects/personal/snurble/packages/ui-astro/src/ExperienceCard.astro'
 ❯ packages/ui-astro/src/index.test.ts:1035:5

⎯⎯⎯⎯⎯⎯⎯⎯⎯⎯⎯⎯⎯⎯⎯⎯⎯⎯⎯⎯⎯⎯⎯⎯⎯⎯⎯⎯⎯⎯
Serialized Error: { errno: -2, code: 'ENOENT', syscall: 'open', path: '/Users/mattriley/Documents/projects/personal/snurble/packages/ui-astro/src/ExperienceCard.astro' }
⎯⎯⎯⎯⎯⎯⎯⎯⎯⎯⎯⎯⎯⎯⎯⎯⎯⎯⎯⎯⎯⎯[24/32]⎯

 FAIL  packages/ui-astro/src/index.test.ts > ui-astro package > implements ExperienceList for wrapping multiple experience cards with semantic list markup
AssertionError: promise rejected "Error: ENOENT: no such file or directory,… { …(4) }" instead of resolving
 ❯ packages/ui-astro/src/index.test.ts:1061:38
    1059|     );
    1060|
    1061|     await expect(experienceListAstro).resolves.toContain(
       |                                      ^
    1062|       '<ul class="snurble-experience-list">'
    1063|     );

Caused by: Error: ENOENT: no such file or directory, open '/Users/mattriley/Documents/projects/personal/snurble/packages/ui-astro/src/ExperienceList.astro'
 ❯ packages/ui-astro/src/index.test.ts:1061:5

⎯⎯⎯⎯⎯⎯⎯⎯⎯⎯⎯⎯⎯⎯⎯⎯⎯⎯⎯⎯⎯⎯⎯⎯⎯⎯⎯⎯⎯⎯
Serialized Error: { errno: -2, code: 'ENOENT', syscall: 'open', path: '/Users/mattriley/Documents/projects/personal/snurble/packages/ui-astro/src/ExperienceList.astro' }
⎯⎯⎯⎯⎯⎯⎯⎯⎯⎯⎯⎯⎯⎯⎯⎯⎯⎯⎯⎯⎯⎯[25/32]⎯

 FAIL  packages/ui-astro/src/index.test.ts > ui-astro package > implements SkillIcon as a named built-in icon renderer
AssertionError: promise rejected "Error: ENOENT: no such file or directory,… { …(4) }" instead of resolving
 ❯ packages/ui-astro/src/index.test.ts:1080:33
    1078|     const skillIconsTs = readRepoFile("packages/ui-astro/src/skill-ico…
    1079|
    1080|     await expect(skillIconAstro).resolves.toContain("name: string;");
       |                                 ^
    1081|     await expect(skillIconAstro).resolves.toContain(
    1082|       'import { resolveSkillIcon } from "./skill-icons";'

Caused by: Error: ENOENT: no such file or directory, open '/Users/mattriley/Documents/projects/personal/snurble/packages/ui-astro/src/SkillIcon.astro'
 ❯ packages/ui-astro/src/index.test.ts:1080:5

⎯⎯⎯⎯⎯⎯⎯⎯⎯⎯⎯⎯⎯⎯⎯⎯⎯⎯⎯⎯⎯⎯⎯⎯⎯⎯⎯⎯⎯⎯
Serialized Error: { errno: -2, code: 'ENOENT', syscall: 'open', path: '/Users/mattriley/Documents/projects/personal/snurble/packages/ui-astro/src/SkillIcon.astro' }
⎯⎯⎯⎯⎯⎯⎯⎯⎯⎯⎯⎯⎯⎯⎯⎯⎯⎯⎯⎯⎯⎯[26/32]⎯

 FAIL  packages/ui-astro/src/index.test.ts > ui-astro package > implements SkillIconList for wrapping skill icons with semantic list markup
AssertionError: promise rejected "Error: ENOENT: no such file or directory,… { …(4) }" instead of resolving
 ❯ packages/ui-astro/src/index.test.ts:1126:37
    1124|     );
    1125|
    1126|     await expect(skillIconListAstro).resolves.toContain("title?: strin…
       |                                     ^
    1127|     await expect(skillIconListAstro).resolves.toContain(
    1128|       '<div class="snurble-skill-icon-list">'

Caused by: Error: ENOENT: no such file or directory, open '/Users/mattriley/Documents/projects/personal/snurble/packages/ui-astro/src/SkillIconList.astro'
 ❯ packages/ui-astro/src/index.test.ts:1126:5

⎯⎯⎯⎯⎯⎯⎯⎯⎯⎯⎯⎯⎯⎯⎯⎯⎯⎯⎯⎯⎯⎯⎯⎯⎯⎯⎯⎯⎯⎯
Serialized Error: { errno: -2, code: 'ENOENT', syscall: 'open', path: '/Users/mattriley/Documents/projects/personal/snurble/packages/ui-astro/src/SkillIconList.astro' }
⎯⎯⎯⎯⎯⎯⎯⎯⎯⎯⎯⎯⎯⎯⎯⎯⎯⎯⎯⎯⎯⎯[27/32]⎯

 FAIL  packages/ui-astro/src/index.test.ts > ui-astro package > implements SeoMeta for Open Graph and Twitter Card metadata injection
AssertionError: promise rejected "Error: ENOENT: no such file or directory,… { …(4) }" instead of resolving
 ❯ packages/ui-astro/src/index.test.ts:1159:31
    1157|     const indexTs = await readRepoFile("packages/ui-astro/src/index.ts…
    1158|
    1159|     await expect(seoMetaAstro).resolves.toContain("title: string;");
       |                               ^
    1160|     await expect(seoMetaAstro).resolves.toContain("description: string…
    1161|     await expect(seoMetaAstro).resolves.toContain("url: string;");

Caused by: Error: ENOENT: no such file or directory, open '/Users/mattriley/Documents/projects/personal/snurble/packages/ui-astro/src/SeoMeta.astro'
⎯⎯⎯⎯⎯⎯⎯⎯⎯⎯⎯⎯⎯⎯⎯⎯⎯⎯⎯⎯⎯⎯⎯⎯⎯⎯⎯⎯⎯⎯
Serialized Error: { errno: -2, code: 'ENOENT', syscall: 'open', path: '/Users/mattriley/Documents/projects/personal/snurble/packages/ui-astro/src/SeoMeta.astro' }
⎯⎯⎯⎯⎯⎯⎯⎯⎯⎯⎯⎯⎯⎯⎯⎯⎯⎯⎯⎯⎯⎯[28/32]⎯

 FAIL  packages/ui-astro/src/index.test.ts > ui-astro package > implements ServiceWorker for Progressive Web App service worker registration
AssertionError: promise rejected "Error: ENOENT: no such file or directory,… { …(4) }" instead of resolving
 ❯ packages/ui-astro/src/index.test.ts:1197:37
    1195|     const indexTs = await readRepoFile("packages/ui-astro/src/index.ts…
    1196|
    1197|     await expect(serviceWorkerAstro).resolves.toContain('src = "/sw.js…
       |                                     ^
    1198|     await expect(serviceWorkerAstro).resolves.toContain('scope = "/"');
    1199|     await expect(serviceWorkerAstro).resolves.toContain(

Caused by: Error: ENOENT: no such file or directory, open '/Users/mattriley/Documents/projects/personal/snurble/packages/ui-astro/src/ServiceWorker.astro'
⎯⎯⎯⎯⎯⎯⎯⎯⎯⎯⎯⎯⎯⎯⎯⎯⎯⎯⎯⎯⎯⎯⎯⎯⎯⎯⎯⎯⎯⎯
Serialized Error: { errno: -2, code: 'ENOENT', syscall: 'open', path: '/Users/mattriley/Documents/projects/personal/snurble/packages/ui-astro/src/ServiceWorker.astro' }
⎯⎯⎯⎯⎯⎯⎯⎯⎯⎯⎯⎯⎯⎯⎯⎯⎯⎯⎯⎯⎯⎯[29/32]⎯

 FAIL  packages/ui-astro/src/llm-surface.test.ts > llm shared surface > implements a visually hidden hint primitive for conversational agent discovery
Error: ENOENT: no such file or directory, open '/Users/mattriley/Documents/projects/personal/snurble/packages/ui-astro/src/AgentDiscoveryHint.astro'
 ❯ packages/ui-astro/src/llm-surface.test.ts:48:23
     46|
     47|   it("implements a visually hidden hint primitive for conversational a…
     48|     const component = await readRepoFile(
       |                       ^
     49|       "packages/ui-astro/src/AgentDiscoveryHint.astro"
     50|     );

⎯⎯⎯⎯⎯⎯⎯⎯⎯⎯⎯⎯⎯⎯⎯⎯⎯⎯⎯⎯⎯⎯[30/32]⎯

 FAIL  packages/ui-astro/src/release-readiness.test.ts > release readiness docs and packaging > keeps Accordion and Tabs compatible with Astro build-time slot rules
Error: ENOENT: no such file or directory, open '/Users/mattriley/Documents/projects/personal/snurble/packages/ui-astro/src/Accordion.astro'
 ❯ packages/ui-astro/src/release-readiness.test.ts:106:23
    104|
    105|   it("keeps Accordion and Tabs compatible with Astro build-time slot r…
    106|     const accordion = await readRepoFile(
       |                       ^
    107|       "packages/ui-astro/src/Accordion.astro"
    108|     );

⎯⎯⎯⎯⎯⎯⎯⎯⎯⎯⎯⎯⎯⎯⎯⎯⎯⎯⎯⎯⎯⎯[31/32]⎯

 FAIL  packages/ui-astro/src/release-readiness.test.ts > release readiness docs and packaging > keeps Accordion's single-open behavior scoped to each component instance
Error: ENOENT: no such file or directory, open '/Users/mattriley/Documents/projects/personal/snurble/packages/ui-astro/src/Accordion.astro'
 ❯ packages/ui-astro/src/release-readiness.test.ts:118:23
    116|
    117|   it("keeps Accordion's single-open behavior scoped to each component …
    118|     const accordion = await readRepoFile(
       |                       ^
    119|       "packages/ui-astro/src/Accordion.astro"
    120|     );

⎯⎯⎯⎯⎯⎯⎯⎯⎯⎯⎯⎯⎯⎯⎯⎯⎯⎯⎯⎯⎯⎯[32/32]⎯

⎯⎯⎯⎯⎯⎯ Unhandled Errors ⎯⎯⎯⎯⎯⎯

Vitest caught 5 unhandled errors during the test run.
This might cause false positive tests. Resolve unhandled errors to make sure your tests are not affected.

⎯⎯⎯⎯ Unhandled Rejection ⎯⎯⎯⎯⎯
Error: ENOENT: no such file or directory, open '/Users/mattriley/Documents/projects/personal/snurble/packages/ui-astro/src/FontAssets.astro'
 ❯ open node:internal/fs/promises:640:25
 ❯ readFile node:internal/fs/promises:1287:14

⎯⎯⎯⎯⎯⎯⎯⎯⎯⎯⎯⎯⎯⎯⎯⎯⎯⎯⎯⎯⎯⎯⎯⎯⎯⎯⎯⎯⎯⎯
Serialized Error: { errno: -2, code: 'ENOENT', syscall: 'open', path: '/Users/mattriley/Documents/projects/personal/snurble/packages/ui-astro/src/FontAssets.astro' }
This error originated in "packages/ui-astro/src/index.test.ts" test file. It doesn't mean the error was thrown inside the file itself, but while it was running.
The latest test that might've caused the error is "implements a reusable FontAssets component for font-face declarations". It might mean one of the following:
- The error was thrown, while Vitest was running this test.
- If the error occurred after the test had been completed, this was the last documented test before it was thrown.

⎯⎯⎯⎯ Unhandled Rejection ⎯⎯⎯⎯⎯
Error: ENOENT: no such file or directory, open '/Users/mattriley/Documents/projects/personal/snurble/packages/ui-astro/src/JsonLd.astro'
 ❯ open node:internal/fs/promises:640:25
 ❯ readFile node:internal/fs/promises:1287:14

⎯⎯⎯⎯⎯⎯⎯⎯⎯⎯⎯⎯⎯⎯⎯⎯⎯⎯⎯⎯⎯⎯⎯⎯⎯⎯⎯⎯⎯⎯
Serialized Error: { errno: -2, code: 'ENOENT', syscall: 'open', path: '/Users/mattriley/Documents/projects/personal/snurble/packages/ui-astro/src/JsonLd.astro' }
This error originated in "packages/ui-astro/src/index.test.ts" test file. It doesn't mean the error was thrown inside the file itself, but while it was running.
The latest test that might've caused the error is "implements a reusable JsonLd component for structured data injection". It might mean one of the following:
- The error was thrown, while Vitest was running this test.
- If the error occurred after the test had been completed, this was the last documented test before it was thrown.

⎯⎯⎯⎯ Unhandled Rejection ⎯⎯⎯⎯⎯
Error: ENOENT: no such file or directory, open '/Users/mattriley/Documents/projects/personal/snurble/packages/ui-astro/src/SkipLink.astro'
 ❯ open node:internal/fs/promises:640:25
 ❯ readFile node:internal/fs/promises:1287:14

⎯⎯⎯⎯⎯⎯⎯⎯⎯⎯⎯⎯⎯⎯⎯⎯⎯⎯⎯⎯⎯⎯⎯⎯⎯⎯⎯⎯⎯⎯
Serialized Error: { errno: -2, code: 'ENOENT', syscall: 'open', path: '/Users/mattriley/Documents/projects/personal/snurble/packages/ui-astro/src/SkipLink.astro' }
This error originated in "packages/ui-astro/src/index.test.ts" test file. It doesn't mean the error was thrown inside the file itself, but while it was running.
The latest test that might've caused the error is "implements a reusable SkipLink component for keyboard navigation". It might mean one of the following:
- The error was thrown, while Vitest was running this test.
- If the error occurred after the test had been completed, this was the last documented test before it was thrown.

⎯⎯⎯⎯ Unhandled Rejection ⎯⎯⎯⎯⎯
Error: ENOENT: no such file or directory, open '/Users/mattriley/Documents/projects/personal/snurble/packages/ui-astro/src/SeoMeta.astro'
 ❯ open node:internal/fs/promises:640:25
 ❯ readFile node:internal/fs/promises:1287:14

⎯⎯⎯⎯⎯⎯⎯⎯⎯⎯⎯⎯⎯⎯⎯⎯⎯⎯⎯⎯⎯⎯⎯⎯⎯⎯⎯⎯⎯⎯
Serialized Error: { errno: -2, code: 'ENOENT', syscall: 'open', path: '/Users/mattriley/Documents/projects/personal/snurble/packages/ui-astro/src/SeoMeta.astro' }
This error originated in "packages/ui-astro/src/index.test.ts" test file. It doesn't mean the error was thrown inside the file itself, but while it was running.
The latest test that might've caused the error is "implements SeoMeta for Open Graph and Twitter Card metadata injection". It might mean one of the following:
- The error was thrown, while Vitest was running this test.
- If the error occurred after the test had been completed, this was the last documented test before it was thrown.

⎯⎯⎯⎯ Unhandled Rejection ⎯⎯⎯⎯⎯
Error: ENOENT: no such file or directory, open '/Users/mattriley/Documents/projects/personal/snurble/packages/ui-astro/src/ServiceWorker.astro'
 ❯ open node:internal/fs/promises:640:25
 ❯ readFile node:internal/fs/promises:1287:14

⎯⎯⎯⎯⎯⎯⎯⎯⎯⎯⎯⎯⎯⎯⎯⎯⎯⎯⎯⎯⎯⎯⎯⎯⎯⎯⎯⎯⎯⎯
Serialized Error: { errno: -2, code: 'ENOENT', syscall: 'open', path: '/Users/mattriley/Documents/projects/personal/snurble/packages/ui-astro/src/ServiceWorker.astro' }
This error originated in "packages/ui-astro/src/index.test.ts" test file. It doesn't mean the error was thrown inside the file itself, but while it was running.
The latest test that might've caused the error is "implements ServiceWorker for Progressive Web App service worker registration". It might mean one of the following:
- The error was thrown, while Vitest was running this test.
- If the error occurred after the test had been completed, this was the last documented test before it was thrown.
⎯⎯⎯⎯⎯⎯⎯⎯⎯⎯⎯⎯⎯⎯⎯⎯⎯⎯⎯⎯⎯⎯⎯⎯⎯⎯⎯⎯⎯⎯


 Test Files  3 failed | 3 passed (6)
      Tests  32 failed | 32 passed (64)
     Errors  5 errors
   Start at  22:32:32
   Duration  6.17s (transform 274ms, setup 0ms, import 341ms, tests 6.54s, environment 0ms)

 ELIFECYCLE  Test failed. See above for more details.
